water water NULL  NULL  NULL  NULL  NULL  NULL  NULL  NULL  NULL  NULL  NULL  NULL  NULL  NULL 
water water water NULL  NULL  NULL  NULL  NULL  NULL  NULL  NULL  NULL  NULL  NULL  NULL  NULL 
NULL  NULL  water NULL  water NULL  NULL  NULL  NULL  NULL  NULL  NULL  NULL  water water water
NULL  NULL  NULL  NULL  water water NULL  NULL  NULL  NULL  water water NULL  water water water
NULL  NULL  NULL  NULL  NULL  water water water water water water water NULL  NULL  NULL  NULL 
NULL  NULL  NULL  NULL  NULL  NULL  water water water water NULL  NULL  NULL  NULL  NULL  NULL 
NULL  NULL  NULL  NULL  NULL  NULL  NULL  NULL  NULL  NULL  NULL  NULL  NULL  NULL  NULL  NULL 
NULL  NULL  NULL  NULL  NULL  NULL  NULL  NULL  NULL  NULL  NULL  NULL  NULL  NULL  NULL  NULL 
NULL  NULL  NULL  NULL  NULL  NULL  NULL  NULL  wood  wood  wood  wood  NULL  wood  wood  wood 
NULL  NULL  NULL  NULL  NULL  NULL  NULL  NULL  wood  NULL  NULL  NULL  NULL  NULL  NULL  wood 
NULL  NULL  NULL  NULL  NULL  NULL  NULL  NULL  wood  NULL  NULL  NULL  NULL  NULL  NULL  wood 
NULL  NULL  NULL  NULL  NULL  NULL  NULL  NULL  wood  NULL  NULL  NULL  NULL  NULL  NULL  wood 
NULL  NULL  NULL  NULL  NULL  NULL  NULL  NULL  wood  NULL  NULL  NULL  NULL  NULL  NULL  wood 
NULL  NULL  NULL  NULL  NULL  NULL  NULL  NULL  wood  NULL  NULL  NULL  NULL  NULL  NULL  wood 
NULL  NULL  NULL  NULL  NULL  NULL  NULL  NULL  wood  NULL  NULL  NULL  NULL  NULL  NULL  wood 
NULL  NULL  NULL  NULL  NULL  NULL  NULL  NULL  wood  wood  wood  wood  wood  wood  wood  wood 
