water water grass grass grass grass grass grass grass grass dirt  grass grass grass grass grass
water water water grass grass grass grass grass grass grass dirt  dirt  grass grass grass grass
grass grass water wood  water grass grass grass grass grass grass dirt  dirt  water water water
grass grass grass wood  water water grass grass grass grass water water wood  water water water
grass grass grass grass grass water water water water water water water wood  grass grass grass
grass grass grass grass grass grass water water water water grass grass dirt  grass grass grass
grass grass grass grass grass grass dirt  dirt  dirt  dirt  dirt  dirt  dirt  grass grass grass
grass grass grass grass grass dirt  dirt  grass grass grass grass grass dirt  grass grass grass
grass grass grass grass dirt  dirt  grass grass dirt  dirt  dirt  dirt  grass dirt  dirt  dirt 
grass grass dirt  dirt  dirt  grass grass sand  dirt  grass grass grass grass grass grass dirt 
dirt  dirt  dirt  grass grass grass sand  sand  dirt  grass grass grass grass grass grass dirt 
grass grass grass grass grass sand  sand  sand  dirt  grass grass grass grass grass grass dirt 
grass grass grass grass sand  sand  sand  sand  dirt  grass grass grass grass grass grass dirt 
grass grass grass sand  sand  sand  sand  sand  dirt  grass grass grass grass grass grass dirt 
grass grass sand  sand  sand  sand  sand  sand  dirt  grass grass grass grass grass grass dirt 
grass grass sand  sand  sand  sand  sand  sand  dirt  dirt  dirt  dirt  dirt  dirt  dirt  dirt 
